This is pdfTeX, Version 3.141592653-2.6-1.40.28 (MiKTeX 25.12) (preloaded format=pdflatex.fmt)
 restricted \write18 enabled.
entering extended mode
(main.tex
LaTeX2e <2025-11-01>
L3 programming layer <2025-12-24>
(C:\Users\Rhydham\AppData\Local\Programs\MiKTeX\tex/latex/base\article.cls
Document Class: article 2025/01/22 v1.4n Standard LaTeX document class
(C:\Users\Rhydham\AppData\Local\Programs\MiKTeX\tex/latex/base\size12.clo))
(C:\Users\Rhydham\AppData\Local\Programs\MiKTeX\tex/latex/base\fontenc.sty)
(C:\Users\Rhydham\AppData\Local\Programs\MiKTeX\tex/latex/base\inputenc.sty)
(C:\Users\Rhydham\AppData\Local\Programs\MiKTeX\tex/latex/newunicodechar\newuni
codechar.sty)
(C:\Users\Rhydham\AppData\Local\Programs\MiKTeX\tex/latex/psnfss\mathptmx.sty)
(C:\Users\Rhydham\AppData\Local\Programs\MiKTeX\tex/latex/geometry\geometry.sty
(C:\Users\Rhydham\AppData\Local\Programs\MiKTeX\tex/latex/graphics\keyval.sty)
(C:\Users\Rhydham\AppData\Local\Programs\MiKTeX\tex/generic/iftex\ifvtex.sty
(C:\Users\Rhydham\AppData\Local\Programs\MiKTeX\tex/generic/iftex\iftex.sty))
(C:\Users\Rhydham\AppData\Local\Programs\MiKTeX\tex/latex/geometry\geometry.cfg
))
(C:\Users\Rhydham\AppData\Local\Programs\MiKTeX\tex/latex/graphics\graphicx.sty

(C:\Users\Rhydham\AppData\Local\Programs\MiKTeX\tex/latex/graphics\graphics.sty
(C:\Users\Rhydham\AppData\Local\Programs\MiKTeX\tex/latex/graphics\trig.sty)
(C:\Users\Rhydham\AppData\Local\Programs\MiKTeX\tex/latex/graphics-cfg\graphics
.cfg)
(C:\Users\Rhydham\AppData\Local\Programs\MiKTeX\tex/latex/graphics-def\pdftex.d
ef)))
(C:\Users\Rhydham\AppData\Local\Programs\MiKTeX\tex/latex/booktabs\booktabs.sty
) (C:\Users\Rhydham\AppData\Local\Programs\MiKTeX\tex/latex/tools\tabularx.sty
(C:\Users\Rhydham\AppData\Local\Programs\MiKTeX\tex/latex/tools\array.sty))
(C:\Users\Rhydham\AppData\Local\Programs\MiKTeX\tex/latex/tools\longtable.sty)
(C:\Users\Rhydham\AppData\Local\Programs\MiKTeX\tex/latex/multirow\multirow.sty
) (C:\Users\Rhydham\AppData\Local\Programs\MiKTeX\tex/latex/amsmath\amsmath.sty
For additional information on amsmath, use the `?' option.
(C:\Users\Rhydham\AppData\Local\Programs\MiKTeX\tex/latex/amsmath\amstext.sty
(C:\Users\Rhydham\AppData\Local\Programs\MiKTeX\tex/latex/amsmath\amsgen.sty))
(C:\Users\Rhydham\AppData\Local\Programs\MiKTeX\tex/latex/amsmath\amsbsy.sty)
(C:\Users\Rhydham\AppData\Local\Programs\MiKTeX\tex/latex/amsmath\amsopn.sty))
(C:\Users\Rhydham\AppData\Local\Programs\MiKTeX\tex/latex/xcolor\xcolor.sty
(C:\Users\Rhydham\AppData\Local\Programs\MiKTeX\tex/latex/graphics-cfg\color.cf
g)
(C:\Users\Rhydham\AppData\Local\Programs\MiKTeX\tex/latex/graphics\mathcolor.lt
x))
(C:\Users\Rhydham\AppData\Local\Programs\MiKTeX\tex/latex/pgf/frontendlayer\tik
z.sty
(C:\Users\Rhydham\AppData\Local\Programs\MiKTeX\tex/latex/pgf/basiclayer\pgf.st
y
(C:\Users\Rhydham\AppData\Local\Programs\MiKTeX\tex/latex/pgf/utilities\pgfrcs.
sty
(C:\Users\Rhydham\AppData\Local\Programs\MiKTeX\tex/generic/pgf/utilities\pgfut
il-common.tex)
(C:\Users\Rhydham\AppData\Local\Programs\MiKTeX\tex/generic/pgf/utilities\pgfut
il-latex.def)
(C:\Users\Rhydham\AppData\Local\Programs\MiKTeX\tex/generic/pgf/utilities\pgfrc
s.code.tex
(C:\Users\Rhydham\AppData\Local\Programs\MiKTeX\tex/generic/pgf\pgf.revision.te
x)))
(C:\Users\Rhydham\AppData\Local\Programs\MiKTeX\tex/latex/pgf/basiclayer\pgfcor
e.sty
(C:\Users\Rhydham\AppData\Local\Programs\MiKTeX\tex/latex/pgf/systemlayer\pgfsy
s.sty
(C:\Users\Rhydham\AppData\Local\Programs\MiKTeX\tex/generic/pgf/systemlayer\pgf
sys.code.tex
(C:\Users\Rhydham\AppData\Local\Programs\MiKTeX\tex/generic/pgf/utilities\pgfke
ys.code.tex
(C:\Users\Rhydham\AppData\Local\Programs\MiKTeX\tex/generic/pgf/utilities\pgfke
yslibraryfiltered.code.tex))
(C:\Users\Rhydham\AppData\Local\Programs\MiKTeX\tex/generic/pgf/systemlayer\pgf
.cfg)
(C:\Users\Rhydham\AppData\Local\Programs\MiKTeX\tex/generic/pgf/systemlayer\pgf
sys-pdftex.def
(C:\Users\Rhydham\AppData\Local\Programs\MiKTeX\tex/generic/pgf/systemlayer\pgf
sys-common-pdf.def)))
(C:\Users\Rhydham\AppData\Local\Programs\MiKTeX\tex/generic/pgf/systemlayer\pgf
syssoftpath.code.tex)
(C:\Users\Rhydham\AppData\Local\Programs\MiKTeX\tex/generic/pgf/systemlayer\pgf
sysprotocol.code.tex))
(C:\Users\Rhydham\AppData\Local\Programs\MiKTeX\tex/generic/pgf/basiclayer\pgfc
ore.code.tex
(C:\Users\Rhydham\AppData\Local\Programs\MiKTeX\tex/generic/pgf/math\pgfmath.co
de.tex
(C:\Users\Rhydham\AppData\Local\Programs\MiKTeX\tex/generic/pgf/math\pgfmathuti
l.code.tex)
(C:\Users\Rhydham\AppData\Local\Programs\MiKTeX\tex/generic/pgf/math\pgfmathpar
ser.code.tex)
(C:\Users\Rhydham\AppData\Local\Programs\MiKTeX\tex/generic/pgf/math\pgfmathfun
ctions.code.tex)
(C:\Users\Rhydham\AppData\Local\Programs\MiKTeX\tex/generic/pgf/math\pgfmathfun
ctions.basic.code.tex)
(C:\Users\Rhydham\AppData\Local\Programs\MiKTeX\tex/generic/pgf/math\pgfmathfun
ctions.trigonometric.code.tex)
(C:\Users\Rhydham\AppData\Local\Programs\MiKTeX\tex/generic/pgf/math\pgfmathfun
ctions.random.code.tex)
(C:\Users\Rhydham\AppData\Local\Programs\MiKTeX\tex/generic/pgf/math\pgfmathfun
ctions.comparison.code.tex)
(C:\Users\Rhydham\AppData\Local\Programs\MiKTeX\tex/generic/pgf/math\pgfmathfun
ctions.base.code.tex)
(C:\Users\Rhydham\AppData\Local\Programs\MiKTeX\tex/generic/pgf/math\pgfmathfun
ctions.round.code.tex)
(C:\Users\Rhydham\AppData\Local\Programs\MiKTeX\tex/generic/pgf/math\pgfmathfun
ctions.misc.code.tex)
(C:\Users\Rhydham\AppData\Local\Programs\MiKTeX\tex/generic/pgf/math\pgfmathfun
ctions.integerarithmetics.code.tex)
(C:\Users\Rhydham\AppData\Local\Programs\MiKTeX\tex/generic/pgf/math\pgfmathcal
c.code.tex)
(C:\Users\Rhydham\AppData\Local\Programs\MiKTeX\tex/generic/pgf/math\pgfmathflo
at.code.tex))
(C:\Users\Rhydham\AppData\Local\Programs\MiKTeX\tex/generic/pgf/math\pgfint.cod
e.tex)
(C:\Users\Rhydham\AppData\Local\Programs\MiKTeX\tex/generic/pgf/basiclayer\pgfc
orepoints.code.tex)
(C:\Users\Rhydham\AppData\Local\Programs\MiKTeX\tex/generic/pgf/basiclayer\pgfc
orepathconstruct.code.tex)
(C:\Users\Rhydham\AppData\Local\Programs\MiKTeX\tex/generic/pgf/basiclayer\pgfc
orepathusage.code.tex)
(C:\Users\Rhydham\AppData\Local\Programs\MiKTeX\tex/generic/pgf/basiclayer\pgfc
orescopes.code.tex)
(C:\Users\Rhydham\AppData\Local\Programs\MiKTeX\tex/generic/pgf/basiclayer\pgfc
oregraphicstate.code.tex)
(C:\Users\Rhydham\AppData\Local\Programs\MiKTeX\tex/generic/pgf/basiclayer\pgfc
oretransformations.code.tex)
(C:\Users\Rhydham\AppData\Local\Programs\MiKTeX\tex/generic/pgf/basiclayer\pgfc
orequick.code.tex)
(C:\Users\Rhydham\AppData\Local\Programs\MiKTeX\tex/generic/pgf/basiclayer\pgfc
oreobjects.code.tex)
(C:\Users\Rhydham\AppData\Local\Programs\MiKTeX\tex/generic/pgf/basiclayer\pgfc
orepathprocessing.code.tex)
(C:\Users\Rhydham\AppData\Local\Programs\MiKTeX\tex/generic/pgf/basiclayer\pgfc
orearrows.code.tex)
(C:\Users\Rhydham\AppData\Local\Programs\MiKTeX\tex/generic/pgf/basiclayer\pgfc
oreshade.code.tex)
(C:\Users\Rhydham\AppData\Local\Programs\MiKTeX\tex/generic/pgf/basiclayer\pgfc
oreimage.code.tex)
(C:\Users\Rhydham\AppData\Local\Programs\MiKTeX\tex/generic/pgf/basiclayer\pgfc
oreexternal.code.tex)
(C:\Users\Rhydham\AppData\Local\Programs\MiKTeX\tex/generic/pgf/basiclayer\pgfc
orelayers.code.tex)
(C:\Users\Rhydham\AppData\Local\Programs\MiKTeX\tex/generic/pgf/basiclayer\pgfc
oretransparency.code.tex)
(C:\Users\Rhydham\AppData\Local\Programs\MiKTeX\tex/generic/pgf/basiclayer\pgfc
orepatterns.code.tex)
(C:\Users\Rhydham\AppData\Local\Programs\MiKTeX\tex/generic/pgf/basiclayer\pgfc
orerdf.code.tex)))
(C:\Users\Rhydham\AppData\Local\Programs\MiKTeX\tex/generic/pgf/modules\pgfmodu
leshapes.code.tex)
(C:\Users\Rhydham\AppData\Local\Programs\MiKTeX\tex/generic/pgf/modules\pgfmodu
leplot.code.tex)
(C:\Users\Rhydham\AppData\Local\Programs\MiKTeX\tex/latex/pgf/compatibility\pgf
comp-version-0-65.sty)
(C:\Users\Rhydham\AppData\Local\Programs\MiKTeX\tex/latex/pgf/compatibility\pgf
comp-version-1-18.sty))
(C:\Users\Rhydham\AppData\Local\Programs\MiKTeX\tex/latex/pgf/utilities\pgffor.
sty
(C:\Users\Rhydham\AppData\Local\Programs\MiKTeX\tex/latex/pgf/utilities\pgfkeys
.sty
(C:\Users\Rhydham\AppData\Local\Programs\MiKTeX\tex/generic/pgf/utilities\pgfke
ys.code.tex))
(C:\Users\Rhydham\AppData\Local\Programs\MiKTeX\tex/latex/pgf/math\pgfmath.sty
(C:\Users\Rhydham\AppData\Local\Programs\MiKTeX\tex/generic/pgf/math\pgfmath.co
de.tex))
(C:\Users\Rhydham\AppData\Local\Programs\MiKTeX\tex/generic/pgf/utilities\pgffo
r.code.tex))
(C:\Users\Rhydham\AppData\Local\Programs\MiKTeX\tex/generic/pgf/frontendlayer/t
ikz\tikz.code.tex
(C:\Users\Rhydham\AppData\Local\Programs\MiKTeX\tex/generic/pgf/libraries\pgfli
braryplothandlers.code.tex)
(C:\Users\Rhydham\AppData\Local\Programs\MiKTeX\tex/generic/pgf/modules\pgfmodu
lematrix.code.tex)
(C:\Users\Rhydham\AppData\Local\Programs\MiKTeX\tex/generic/pgf/frontendlayer/t
ikz/libraries\tikzlibrarytopaths.code.tex)))
(C:\Users\Rhydham\AppData\Local\Programs\MiKTeX\tex/generic/pgf/libraries\pgfli
braryarrows.meta.code.tex)
(C:\Users\Rhydham\AppData\Local\Programs\MiKTeX\tex/generic/pgf/frontendlayer/t
ikz/libraries\tikzlibrarypositioning.code.tex)
(C:\Users\Rhydham\AppData\Local\Programs\MiKTeX\tex/generic/pgf/frontendlayer/t
ikz/libraries\tikzlibraryfit.code.tex)
(C:\Users\Rhydham\AppData\Local\Programs\MiKTeX\tex/generic/pgf/frontendlayer/t
ikz/libraries\tikzlibrarybackgrounds.code.tex)
(C:\Users\Rhydham\AppData\Local\Programs\MiKTeX\tex/latex/caption\caption.sty
(C:\Users\Rhydham\AppData\Local\Programs\MiKTeX\tex/latex/caption\caption3.sty)

(C:\Users\Rhydham\AppData\Local\Programs\MiKTeX\tex/latex/caption\ltcaption.sty
))
(C:\Users\Rhydham\AppData\Local\Programs\MiKTeX\tex/latex/caption\subcaption.st
y)
(C:\Users\Rhydham\AppData\Local\Programs\MiKTeX\tex/latex/enumitem\enumitem.sty
) (C:\Users\Rhydham\AppData\Local\Programs\MiKTeX\tex/latex/float\float.sty)
(C:\Users\Rhydham\AppData\Local\Programs\MiKTeX\tex/latex/natbib\natbib.sty)
(C:\Users\Rhydham\AppData\Local\Programs\MiKTeX\tex/latex/listings\listings.sty

(C:\Users\Rhydham\AppData\Local\Programs\MiKTeX\tex/latex/listings\lstpatch.sty
)
(C:\Users\Rhydham\AppData\Local\Programs\MiKTeX\tex/latex/listings\lstmisc.sty)

(C:\Users\Rhydham\AppData\Local\Programs\MiKTeX\tex/latex/listings\listings.cfg
))
==> First Aid for listings.sty no longer applied!
    Expected:
        2024/09/23 1.10c (Carsten Heinz)
    but found:
        2025/11/14 1.11b (Carsten Heinz)
    so I'm assuming it got fixed.

(C:\Users\Rhydham\AppData\Local\Programs\MiKTeX\tex/latex/hyperref\hyperref.sty

(C:\Users\Rhydham\AppData\Local\Programs\MiKTeX\tex/latex/kvsetkeys\kvsetkeys.s
ty)
(C:\Users\Rhydham\AppData\Local\Programs\MiKTeX\tex/generic/kvdefinekeys\kvdefi
nekeys.sty)
(C:\Users\Rhydham\AppData\Local\Programs\MiKTeX\tex/generic/pdfescape\pdfescape
.sty
(C:\Users\Rhydham\AppData\Local\Programs\MiKTeX\tex/generic/ltxcmds\ltxcmds.sty
)
(C:\Users\Rhydham\AppData\Local\Programs\MiKTeX\tex/generic/pdftexcmds\pdftexcm
ds.sty
(C:\Users\Rhydham\AppData\Local\Programs\MiKTeX\tex/generic/infwarerr\infwarerr
.sty)))
(C:\Users\Rhydham\AppData\Local\Programs\MiKTeX\tex/latex/hycolor\hycolor.sty)
(C:\Users\Rhydham\AppData\Local\Programs\MiKTeX\tex/latex/hyperref\nameref.sty
(C:\Users\Rhydham\AppData\Local\Programs\MiKTeX\tex/latex/refcount\refcount.sty
)
(C:\Users\Rhydham\AppData\Local\Programs\MiKTeX\tex/generic/gettitlestring\gett
itlestring.sty
(C:\Users\Rhydham\AppData\Local\Programs\MiKTeX\tex/latex/kvoptions\kvoptions.s
ty)))
(C:\Users\Rhydham\AppData\Local\Programs\MiKTeX\tex/latex/etoolbox\etoolbox.sty
)
(C:\Users\Rhydham\AppData\Local\Programs\MiKTeX\tex/generic/stringenc\stringenc
.sty)
(C:\Users\Rhydham\AppData\Local\Programs\MiKTeX\tex/latex/hyperref\pd1enc.def)
(C:\Users\Rhydham\AppData\Local\Programs\MiKTeX\tex/generic/intcalc\intcalc.sty
) (C:\Users\Rhydham\AppData\Local\Programs\MiKTeX\tex/latex/hyperref\puenc.def)
(C:\Users\Rhydham\AppData\Local\Programs\MiKTeX\tex/latex/url\url.sty)
(C:\Users\Rhydham\AppData\Local\Programs\MiKTeX\tex/generic/bitset\bitset.sty
(C:\Users\Rhydham\AppData\Local\Programs\MiKTeX\tex/generic/bigintcalc\bigintca
lc.sty)))
(C:\Users\Rhydham\AppData\Local\Programs\MiKTeX\tex/latex/hyperref\hpdftex.def
(C:\Users\Rhydham\AppData\Local\Programs\MiKTeX\tex/latex/rerunfilecheck\rerunf
ilecheck.sty
(C:\Users\Rhydham\AppData\Local\Programs\MiKTeX\tex/generic/uniquecounter\uniqu
ecounter.sty)))
(C:\Users\Rhydham\AppData\Local\Programs\MiKTeX\tex/latex/titlesec\titlesec.sty
) (C:\Users\Rhydham\AppData\Local\Programs\MiKTeX\tex/latex/psnfss\t1ptm.fd)
(C:\Users\Rhydham\AppData\Local\Programs\MiKTeX\tex/latex/l3backend\l3backend-p
dftex.def) (main.aux)
*geometry* driver: auto-detecting
*geometry* detected driver: pdftex

(C:\Users\Rhydham\AppData\Local\Programs\MiKTeX\tex/context/base/mkii\supp-pdf.
mkii
[Loading MPS to PDF converter (version 2006.09.02).]
)
(C:\Users\Rhydham\AppData\Local\Programs\MiKTeX\tex/latex/epstopdf-pkg\epstopdf
-base.sty
(C:\Users\Rhydham\AppData\Local\Programs\MiKTeX\tex/latex/00miktex\epstopdf-sys
.cfg)) (main.out) (main.out)
(C:\Users\Rhydham\AppData\Local\Programs\MiKTeX\tex/latex/psnfss\ts1ptm.fd)
[1{C:/Users/Rhydham/AppData/Local/MiKTeX/fonts/map/pdftex/pdftex.map}{C:/Users/
Rhydham/AppData/Local/Programs/MiKTeX/fonts/enc/dvips/base/8r.enc}] (main.toc
(C:\Users\Rhydham\AppData\Local\Programs\MiKTeX\tex/latex/psnfss\ot1ztmcm.fd)
(C:\Users\Rhydham\AppData\Local\Programs\MiKTeX\tex/latex/psnfss\omlztmcm.fd)
(C:\Users\Rhydham\AppData\Local\Programs\MiKTeX\tex/latex/psnfss\omsztmcm.fd)
(C:\Users\Rhydham\AppData\Local\Programs\MiKTeX\tex/latex/psnfss\omxztmcm.fd)
(C:\Users\Rhydham\AppData\Local\Programs\MiKTeX\tex/latex/psnfss\ot1ptm.fd)
[1]) [2] (sections/00_exec_summary.tex

Package natbib Warning: Citation `barrick1991' on page 1 undefined on input lin
e 31.


pdfTeX warning (ext4): destination with the same identifier (name{page.1}) has 
been already used, duplicate ignored
<to be read again> 
                   \relax 
l.47 \clearpage
                [1]) (sections/01_problem.tex

Package natbib Warning: Citation `esco2024' on page 2 undefined on input line 4
6.


Package natbib Warning: Citation `onet2025' on page 2 undefined on input line 4
6.

) (sections/02_approach.tex [2]

Package natbib Warning: Citation `mannwhitney1947' on page 3 undefined on input
 line 45.


Package natbib Warning: Citation `kerby2014' on page 3 undefined on input line 
46.


Package natbib Warning: Citation `holm1979' on page 3 undefined on input line 4
7.


Package natbib Warning: Citation `efron1993' on page 3 undefined on input line 
48.


Package natbib Warning: Citation `breiman1984' on page 3 undefined on input lin
e 49.


Package natbib Warning: Citation `peduzzi1996' on page 3 undefined on input lin
e 51.


Package natbib Warning: Citation `vittinghoff2007' on page 3 undefined on input
 line 51.


Package natbib Warning: Citation `mccullagh1980' on page 3 undefined on input l
ine 55.


Package natbib Warning: Citation `benjamini1995' on page 3 undefined on input l
ine 57.


Package natbib Warning: Citation `agrawal1994' on page 3 undefined on input lin
e 58.


Package natbib Warning: Citation `cpsat' on page 3 undefined on input line 60.


Package natbib Warning: Citation `pedregosa2011' on page 3 undefined on input l
ine 64.


Package natbib Warning: Citation `seabold2010' on page 3 undefined on input lin
e 65.


Package natbib Warning: Citation `reimers2019' on page 3 undefined on input lin
e 65.


Package natbib Warning: Citation `xiao2023bge' on page 3 undefined on input lin
e 66.


Package natbib Warning: Citation `sasvfl' on page 3 undefined on input line 68.


) (sections/03_data_exploration.tex [3] (tables/data_quality.tex) [4 <./figures
/fig_cleaning.png>] (tables/salary_bands.tex) [5] [6 <./figures/fig_tag_mapping
.png> <./figures/fig_canonical.png> <./figures/fig_text_calibration.png>]
(tables/describe_jds.tex) (tables/describe_sds.tex) [7 <./figures/fig_role_fami
lies.png>]) (sections/04_rq1.tex

Package natbib Warning: Citation `wilson1927' on page 8 undefined on input line
 6.

[8 <./figures/fig_jds_dist.png>] [9 <./figures/fig_demand.png>] [10 <./figures/
fig_pay_data_roles.png>]
Overfull \hbox (23.90804pt too wide) in paragraph at lines 83--95
 [][] 
[11 <./figures/fig_bundles.png> <./figures/fig_ds_jobs.png>])
(sections/05_rq2_rq3.tex
Overfull \hbox (8.56827pt too wide) in paragraph at lines 20--31
 [][] 
[12 <./figures/fig_triangulation.png>] [13 <./figures/fig_jds_effects.png> <./f
igures/fig_jds_models.png>]

Package natbib Warning: Citation `barrick1991' on page 14 undefined on input li
ne 86.

) (sections/06_rq4.tex [14 <./figures/fig_sds_effects.png> <./figures/fig_sds_m
odels.png> <./figures/fig_sds_tree.png>]

Package natbib Warning: Citation `cpsat' on page 15 undefined on input line 17.



Package natbib Warning: Citation `knowledgehut' on page 15 undefined on input l
ine 35.


Package natbib Warning: Citation `sasvfl' on page 15 undefined on input line 36
.


Package natbib Warning: Citation `gpuindia2026' on page 15 undefined on input l
ine 37.

[15] [16 <./figures/fig_rq4_plan.png>]) (sections/07_results.tex [17 <./figures
/fig_rq4_pareto.png>] [18 <./figures/fig_rq4_robust.png>])
(sections/08_implications.tex

Package natbib Warning: Citation `barrick1991' on page 19 undefined on input li
ne 24.

) [19] (main.bbl [20]) [21] (sections/09_appendix.tex
Overfull \hbox (4.75716pt too wide) in paragraph at lines 17--17
[]|\T1/cmtt/m/n/10.95 scripts/make_report_assets.py|  

Overfull \hbox (85.11552pt too wide) in paragraph at lines 20--25
\T1/ptm/m/n/12 groups, and that the op-ti-miser matches brute force on a small 
in-stance). Cleaned data: \T1/cmtt/m/n/12 dataset/processed/clean/\T1/ptm/m/n/1
2 . 
[22] [23 <./figures/fig_jds_corr.png> <./figures/fig_sds_corr.png> <./figures/f
ig_jds_or.png> <./figures/fig_sds_or.png> <./figures/fig_sds_dist.png>]
[24 <./figures/fig_jds_tree.png> <./figures/fig_pay_all.png>]
(C:\Users\Rhydham\AppData\Local\Programs\MiKTeX\tex/latex/listings\lstlang1.sty
)
(C:\Users\Rhydham\AppData\Local\Programs\MiKTeX\tex/latex/listings\lstlang2.sty
)
(C:\Users\Rhydham\AppData\Local\Programs\MiKTeX\tex/latex/listings\lstlang3.sty
)
(C:\Users\Rhydham\AppData\Local\Programs\MiKTeX\tex/latex/listings\lstmisc.sty)
 [25 <./figures/fig_salary_experience.png> <./figures/fig_city.png> <./figures/
fig_rq4_inputs.png>] (appendix/d2s_core_analysis.sas [26]))

Package natbib Warning: There were undefined citations.

[27] (main.aux

Package natbib Warning: Citation(s) may have changed.
(natbib)                Rerun to get citations correct.

)

LaTeX Warning: Label(s) may have changed. Rerun to get cross-references right.

 )
(see the transcript file for additional information) <C:\Users\Rhydham\AppData\
Local\MiKTeX\fonts/pk/ljfour/jknappen/ec/dpi600\ectt1000.pk> <C:\Users\Rhydham\
AppData\Local\MiKTeX\fonts/pk/ljfour/jknappen/ec/dpi600\ectt1095.pk> <C:\Users\
Rhydham\AppData\Local\MiKTeX\fonts/pk/ljfour/jknappen/ec/dpi600\ectt1200.pk><C:
/Users/Rhydham/AppData/Local/Programs/MiKTeX/fonts/type1/public/amsfonts/cm/cme
x10.pfb><C:/Users/Rhydham/AppData/Local/Programs/MiKTeX/fonts/type1/public/amsf
onts/cm/cmmi10.pfb><C:/Users/Rhydham/AppData/Local/Programs/MiKTeX/fonts/type1/
public/amsfonts/cm/cmr10.pfb><C:/Users/Rhydham/AppData/Local/Programs/MiKTeX/fo
nts/type1/public/amsfonts/cm/cmsy10.pfb><C:/Users/Rhydham/AppData/Local/Program
s/MiKTeX/fonts/type1/urw/symbol/usyr.pfb><C:/Users/Rhydham/AppData/Local/Progra
ms/MiKTeX/fonts/type1/urw/symbol/usyr.pfb><C:/Users/Rhydham/AppData/Local/Progr
ams/MiKTeX/fonts/type1/urw/times/utmb8a.pfb><C:/Users/Rhydham/AppData/Local/Pro
grams/MiKTeX/fonts/type1/urw/times/utmr8a.pfb><C:/Users/Rhydham/AppData/Local/P
rograms/MiKTeX/fonts/type1/urw/times/utmri8a.pfb>
Output written on main.pdf (30 pages, 1709407 bytes).
Transcript written on main.log.
