\BOOKMARK [1][-]{Doc-Start}{\376\377\000E\000x\000e\000c\000u\000t\000i\000v\000e\000\040\000S\000u\000m\000m\000a\000r\000y}{}% 1
\BOOKMARK [1][-]{section.1}{\376\377\000P\000r\000o\000b\000l\000e\000m\000\040\000D\000e\000f\000i\000n\000i\000t\000i\000o\000n\000\040\000a\000n\000d\000\040\000A\000n\000a\000l\000y\000t\000i\000c\000s\000\040\000O\000b\000j\000e\000c\000t\000i\000v\000e}{}% 2
\BOOKMARK [1][-]{section.2}{\376\377\000A\000p\000p\000r\000o\000a\000c\000h}{}% 3
\BOOKMARK [1][-]{section.3}{\376\377\000D\000a\000t\000a\000\040\000E\000x\000p\000l\000o\000r\000a\000t\000i\000o\000n\000\040\000a\000n\000d\000\040\000P\000r\000e\000p\000a\000r\000a\000t\000i\000o\000n}{}% 4
\BOOKMARK [2][-]{subsection.3.1}{\376\377\000T\000h\000e\000\040\000f\000o\000u\000r\000\040\000d\000a\000t\000a\000s\000e\000t\000s\000\040\000a\000n\000d\000\040\000t\000h\000e\000i\000r\000\040\000q\000u\000a\000l\000i\000t\000y}{section.3}% 5
\BOOKMARK [2][-]{subsection.3.2}{\376\377\000A\000n\000a\000l\000y\000t\000i\000c\000s\000\040\000J\000o\000b\000s\000:\000\040\000c\000l\000e\000a\000n\000i\000n\000g\000\040\000a\000n\000d\000\040\000d\000e\000r\000i\000v\000e\000d\000\040\000v\000a\000r\000i\000a\000b\000l\000e\000s}{section.3}% 6
\BOOKMARK [2][-]{subsection.3.3}{\376\377\000S\000k\000i\000l\000l\000\040\000n\000o\000r\000m\000a\000l\000i\000s\000a\000t\000i\000o\000n\000:\000\040\000f\000r\000o\000m\000\040\0001\0000\000,\0000\0000\0000\000+\000\040\000f\000r\000e\000e\000-\000t\000e\000x\000t\000\040\000t\000a\000g\000s\000\040\000t\000o\000\040\000c\000o\000m\000p\000a\000r\000a\000b\000l\000e\000\040\000s\000k\000i\000l\000l\000s}{section.3}% 7
\BOOKMARK [2][-]{subsection.3.4}{\376\377\000R\000o\000l\000e\000\040\000f\000a\000m\000i\000l\000i\000e\000s}{section.3}% 8
\BOOKMARK [2][-]{subsection.3.5}{\376\377\000D\000a\000t\000a\000S\000c\000i\000e\000n\000c\000e\000\040\000J\000o\000b\000s}{section.3}% 9
\BOOKMARK [2][-]{subsection.3.6}{\376\377\000J\000D\000S\000\040\000a\000n\000d\000\040\000S\000D\000S\000:\000\040\000e\000m\000p\000l\000o\000y\000e\000e\000\040\000s\000k\000i\000l\000l\000\040\000a\000n\000d\000\040\000t\000r\000a\000i\000t\000\040\000d\000a\000t\000a}{section.3}% 10
\BOOKMARK [1][-]{section.4}{\376\377\000D\000a\000t\000a\000\040\000A\000n\000a\000l\000y\000s\000i\000s\000\040\000I\000:\000\040\000M\000a\000r\000k\000e\000t\000\040\000D\000e\000m\000a\000n\000d\000\040\000a\000n\000d\000\040\000P\000a\000y\000\040\000\050\000R\000Q\0001\000\051}{}% 11
\BOOKMARK [2][-]{subsection.4.1}{\376\377\000D\000e\000m\000a\000n\000d}{section.4}% 12
\BOOKMARK [2][-]{subsection.4.2}{\376\377\000P\000a\000y\000,\000\040\000a\000f\000t\000e\000r\000\040\000a\000c\000c\000o\000u\000n\000t\000i\000n\000g\000\040\000f\000o\000r\000\040\000e\000x\000p\000e\000r\000i\000e\000n\000c\000e}{section.4}% 13
\BOOKMARK [2][-]{subsection.4.3}{\376\377\000S\000k\000i\000l\000l\000\040\000b\000u\000n\000d\000l\000e\000s}{section.4}% 14
\BOOKMARK [2][-]{subsection.4.4}{\376\377\000C\000o\000m\000p\000a\000n\000y\000-\000l\000e\000v\000e\000l\000\040\000v\000i\000e\000w\000\040\000\050\000D\000a\000t\000a\000S\000c\000i\000e\000n\000c\000e\000\040\000J\000o\000b\000s\000\051}{section.4}% 15
\BOOKMARK [2][-]{subsection.4.5}{\376\377\000T\000r\000i\000a\000n\000g\000u\000l\000a\000t\000i\000o\000n\000:\000\040\000t\000h\000e\000\040\000f\000i\000v\000e\000\040\000J\000D\000S\000\040\000s\000k\000i\000l\000l\000\040\000a\000r\000e\000a\000s\000\040\000i\000n\000\040\000t\000h\000e\000\040\000m\000a\000r\000k\000e\000t}{section.4}% 16
\BOOKMARK [1][-]{section.5}{\376\377\000D\000a\000t\000a\000\040\000A\000n\000a\000l\000y\000s\000i\000s\000\040\000I\000I\000:\000\040\000J\000u\000n\000i\000o\000r\000\040\000S\000k\000i\000l\000l\000s\000\040\000a\000n\000d\000\040\000S\000e\000n\000i\000o\000r\000\040\000T\000r\000a\000i\000t\000s\000\040\000\050\000R\000Q\0002\000,\000\040\000R\000Q\0003\000\051}{}% 17
\BOOKMARK [2][-]{subsection.5.1}{\376\377\000R\000Q\0002\000:\000\040\000w\000h\000i\000c\000h\000\040\000s\000k\000i\000l\000l\000s\000\040\000a\000r\000e\000\040\000a\000s\000s\000o\000c\000i\000a\000t\000e\000d\000\040\000w\000i\000t\000h\000\040\000a\000\040\000h\000i\000g\000h\000\040\000s\000a\000l\000a\000r\000y\000\040\000h\000i\000k\000e\000\040\000f\000o\000r\000\040\000j\000u\000n\000i\000o\000r\000s\000?}{section.5}% 18
\BOOKMARK [2][-]{subsection.5.2}{\376\377\000R\000Q\0003\000:\000\040\000w\000h\000i\000c\000h\000\040\000t\000r\000a\000i\000t\000s\000\040\000a\000r\000e\000\040\000a\000s\000s\000o\000c\000i\000a\000t\000e\000d\000\040\000w\000i\000t\000h\000\040\000s\000e\000n\000i\000o\000r\000\040\000s\000u\000c\000c\000e\000s\000s\000?}{section.5}% 19
\BOOKMARK [2][-]{subsection.5.3}{\376\377\000S\000u\000p\000p\000r\000e\000s\000s\000o\000r\000\040\000e\000f\000f\000e\000c\000t\000s\000\040\000a\000n\000d\000\040\000c\000a\000u\000t\000i\000o\000n}{section.5}% 20
\BOOKMARK [1][-]{section.6}{\376\377\000D\000a\000t\000a\000\040\000A\000n\000a\000l\000y\000s\000i\000s\000\040\000I\000I\000I\000:\000\040\000W\000h\000a\000t\000\040\000t\000o\000\040\000T\000e\000a\000c\000h\000\040\000F\000i\000r\000s\000t\000\040\000\050\000R\000Q\0004\000\051}{}% 21
\BOOKMARK [2][-]{subsection.6.1}{\376\377\000M\000o\000d\000e\000l}{section.6}% 22
\BOOKMARK [2][-]{subsection.6.2}{\376\377\000T\000h\000e\000\040\000o\000p\000t\000i\000m\000a\000l\000\040\000p\000l\000a\000n}{section.6}% 23
\BOOKMARK [2][-]{subsection.6.3}{\376\377\000S\000e\000n\000s\000i\000t\000i\000v\000i\000t\000y\000:\000\040\000w\000h\000a\000t\000\040\000w\000o\000u\000l\000d\000\040\000c\000h\000a\000n\000g\000e\000\040\000t\000h\000e\000\040\000d\000e\000c\000i\000s\000i\000o\000n\000?}{section.6}% 24
\BOOKMARK [2][-]{subsection.6.4}{\376\377\000R\000o\000b\000u\000s\000t\000n\000e\000s\000s}{section.6}% 25
\BOOKMARK [1][-]{section.7}{\376\377\000R\000e\000s\000u\000l\000t\000s\000\040\000a\000n\000d\000\040\000C\000o\000n\000c\000l\000u\000s\000i\000o\000n\000s}{}% 26
\BOOKMARK [1][-]{section.8}{\376\377\000I\000m\000p\000l\000i\000c\000a\000t\000i\000o\000n\000s}{}% 27
\BOOKMARK [1][-]{appendix.A}{\376\377\000R\000e\000p\000r\000o\000d\000u\000c\000i\000b\000i\000l\000i\000t\000y}{}% 28
\BOOKMARK [1][-]{appendix.B}{\376\377\000R\000o\000l\000e\000-\000f\000a\000m\000i\000l\000y\000\040\000r\000u\000l\000e\000s}{}% 29
\BOOKMARK [1][-]{appendix.C}{\376\377\000R\000Q\0004\000\040\000c\000o\000u\000r\000s\000e\000\040\000c\000a\000t\000a\000l\000o\000g\000u\000e\000\040\000\050\000a\000s\000s\000u\000m\000p\000t\000i\000o\000n\000s\000\051}{}% 30
\BOOKMARK [1][-]{appendix.D}{\376\377\000A\000d\000d\000i\000t\000i\000o\000n\000a\000l\000\040\000f\000i\000g\000u\000r\000e\000s}{}% 31
\BOOKMARK [1][-]{appendix.E}{\376\377\000S\000A\000S\000\040\000c\000o\000d\000e\000\040\000f\000o\000r\000\040\000t\000h\000e\000\040\000c\000o\000r\000e\000\040\000a\000n\000a\000l\000y\000s\000e\000s}{}% 32
